// Jest Snapshot v1, https://goo.gl/fbAQLP

exports[`matches snapshot logged in 1`] = `
<DocumentFragment>
  <div
    class="MuiBox-root MuiBox-root-2"
  >
    <div
      class="MuiPaper-root MuiCard-root MuiPaper-elevation1 MuiPaper-rounded"
    >
      <div
        class="MuiCardContent-root"
      >
        <p
          class="MuiTypography-root MuiTypography-body1"
        />
        <p
          class="MuiTypography-root MuiTypography-body1"
        />
        <p
          class="MuiTypography-root MuiTypography-body1"
        >
          Equity: 
        </p>
        <button
          class="MuiButtonBase-root MuiButton-root MuiButton-contained MuiButton-containedSecondary MuiButton-containedSizeSmall MuiButton-sizeSmall"
          data-testid="apply"
          tabindex="0"
          type="button"
        >
          <span
            class="MuiButton-label"
          >
            Apply
          </span>
          <span
            class="MuiTouchRipple-root"
          />
        </button>
      </div>
    </div>
  </div>
</DocumentFragment>
`;
