// Jest Snapshot v1, https://goo.gl/fbAQLP

exports[`matches snapshot with no jobs 1`] = `
<DocumentFragment>
  <span
    data-testid="loading"
  >
    Loading ...
  </span>
</DocumentFragment>
`;
